[niehorster.org/011_germany/__ge_index.html]
[backblue.gif]
[fade.gif]
[index.html]
[niehorster.org/011_germany/39-oob/_39-oob.1.delayed]
[niehorster.org/010_pix/buttons_small/901_home.gif]
[niehorster.org/011_germany/39-oob/navy/_okm.html]
[niehorster.org/011_germany/41-oob/_41-oob.html]
[niehorster.org/011_germany/41-oob/luftwaffe/__okl.html]
[niehorster.org/011_germany/42-oob/42-06-28_blau/_42-06-28_blau.html]
[niehorster.org/011_germany/42-oob/42-06-28_blau/Luftwaffe/__okl.html]
[niehorster.org/011_germany/38-oob/_08_army.html]
[niehorster.org/011_germany/42-oob/42-01-02/army_12.html]
[niehorster.org/011_germany/43-oob/43-01-01/hgr_e.html]
[niehorster.org/011_germany/43-oob/43-12-26/x_lw-kdo-sudost.html]
[niehorster.org/011_germany/43-oob/43-12-26/balkans.html]
[niehorster.org/011_germany/43-oob/43-12-26/hgr_f.html]
[niehorster.org/011_germany/44-oob/44-09-16/hgr_f.html]
[niehorster.org/011_germany/43-oob/43-06-30_Kursk/__kursk_43-07-04.html]
[niehorster.org/011_germany/39_organ_army/_39_org_army.html]
[niehorster.org/011_germany/40_organ_army/_40_org_army.html]
[niehorster.org/011_germany/41_organ_army/_41_org_army.html]
[niehorster.org/011_germany/41_organ_army/_41_org_wss.html]
[niehorster.org/011_germany/42_organ/_42_org_army.html]
[niehorster.org/011_germany/42_organ/42-10-23/42_div_pz.html]
[niehorster.org/011_germany/42_organ/42-10-23/42_div_afrika.html]
[niehorster.org/011_germany/43_organ/_43_org_army.html]
[niehorster.org/011_germany/43_organ/43-05-19_rhodos.html]
[niehorster.org/011_germany/44_organ/_44_org_army.html]
[niehorster.org/011_germany/44_organ/44_fs-korps.html]
[niehorster.org/011_germany/44_organ/44-09-01_rhodos.html]
[niehorster.org/011_germany/44_organ/44_pz-aok.html]
[niehorster.org/011_germany/44_organ/44_pzk.html]
[niehorster.org/011_germany/45/45_pzk-na.html]
[niehorster.org/011_germany/45/45_pzk-hg.html]
[niehorster.org/011_germany/symbols/_symbols_39.html]
[niehorster.org/011_germany/symbols/_symbols_41.html]
[niehorster.org/011_germany/symbols/_symbols_41-lw.html]
[niehorster.org/011_germany/symbols/_symbols_43.html]
[niehorster.org/011_germany/symbols/_symbols_43-lw.html]
[niehorster.org/011_germany/symbols/_symbols_figures.html]
[niehorster.org/011_germany/symbols/_symbols_vehicles.html]
[niehorster.org/011_germany/_ranks_army.html]
[niehorster.org/011_germany/_ranks_lw.html]
[niehorster.org/011_germany/_ranks_okm.html]
[niehorster.org/011_germany/symbols/_billets_discussed.html]
[niehorster.org/011_germany/symbols/_job-descriptions.html]
[niehorster.org/011_germany/symbols/_promotion.html]
[niehorster.org/011_germany/afv-strengths/_afv_39-09-01.html]
[niehorster.org/011_germany/afv-strengths/_afv_40-05-10.html]
[niehorster.org/011_germany/afv-strengths/_afv_41-06-22.html]
[niehorster.org/011_germany/afv-strengths/_afv_43-07-01.html]
[niehorster.org/011_germany/_okl-planes.html]
[niehorster.org/011_germany/_sources.html]
[niehorster.org/011_germany/tessin/_tessin_intro.html]
[niehorster.org/011_germany/books_gwwii/index_vols.html]
[niehorster.org/010_pix/buttons_small/910_back.gif]
[niehorster.org/011_germany/__ge_index.html]
[niehorster.org/011_germany/39-oob/_39-oob.gif]
[niehorster.org/010_pix/buttons_small/910_symbols_army.gif]
[niehorster.org/011_germany/_abbr-army.html]
[niehorster.org/010_pix/buttons_small/910_glossary_army.gif]
[niehorster.org/011_germany/39-oob/c/_ag_c.html]
[niehorster.org/011_germany/39-oob/nord/_ag_nord.html]
[niehorster.org/011_germany/39-oob/sud/_ag_sued.html]
[niehorster.org/011_germany/39-oob/okh_reserves.html]
[niehorster.org/011_germany/39-oob/missing/_missing.html]
[niehorster.org/011_germany/39-oob/_39-oob.html]
[niehorster.org/010_pix/water07.jpg]
[niehorster.org/011_germany/39-oob/navy/_okm.gif]
[niehorster.org/011_germany/_abbr-navy.html]
[niehorster.org/010_pix/buttons_small/910_glossary_navy.gif]
[niehorster.org/010_pix/buttons_small/910_ranks_navy.gif]
[niehorster.org/011_germany/39-oob/navy/flottenchef.html]
[niehorster.org/011_germany/39-oob/navy/u-boote.html]
[niehorster.org/011_germany/39-oob/navy/okm_west.html]
[niehorster.org/011_germany/39-oob/navy/okm_east.html]
[niehorster.org/011_germany/39-oob/navy/_okm.html]
[niehorster.org/011_germany/41-oob/_41-oob.gif]
[niehorster.org/011_germany/41-oob/41_frame_nos.html]
[niehorster.org/010_pix/buttons_small/911_unit-numbers.gif]
[niehorster.org/011_germany/41-oob/ag-d/_ag_d.html]
[niehorster.org/011_germany/41-oob/aok-norwegen/_norwegen.html]
[niehorster.org/011_germany/41-oob/army_12/army_12.html]
[niehorster.org/011_germany/41-oob/ag-nord/_ag_nord.html]
[niehorster.org/011_germany/41-oob/ag-mitte/_ag_mitte.html]
[niehorster.org/011_germany/41-oob/ag-sued/_ag-sued.html]
[niehorster.org/011_germany/41-oob/okh_reserves/okh_reserves.html]
[niehorster.org/011_germany/41-oob/corps_dak.html]
[niehorster.org/011_germany/41-oob/MB_Belg-u-N-Fr/_MB_Belg-u-N-Fr.html]
[niehorster.org/011_germany/41-oob/MB_Frank/_MB_Frank.html]
[niehorster.org/011_germany/41-oob/bde/__bde.html]
[niehorster.org/011_germany/41-oob/_41-oob.html]
[niehorster.org/011_germany/41-oob/luftwaffe/__okl.gif]
[niehorster.org/010_pix/buttons_small/910_aircraft_af.gif]
[niehorster.org/011_germany/symbols/_symbols_luftwaffe.html]
[niehorster.org/010_pix/buttons_small/910_symbols_af.gif]
[niehorster.org/011_germany/_abbr-air.html]
[niehorster.org/010_pix/buttons_small/910_glossary_af.gif]
[niehorster.org/010_pix/buttons_small/910_ranks_af.gif]
[niehorster.org/011_germany/41-oob/luftwaffe/_luftflotte_01.html]
[niehorster.org/011_germany/41-oob/luftwaffe/_luftflotte_02.html]
[niehorster.org/011_germany/41-oob/luftwaffe/_luftflotte_04.html]
[niehorster.org/011_germany/41-oob/luftwaffe/_luftflotte_03.html]
