[backblue.gif]
[fade.gif]
[index.html]
[niehorster.org/000_admin/000oob.html]
[niehorster.org/010_pix/buttons_small/901_home.gif]
[niehorster.org/010_pix/buttons_small/990_afghanistan.gif]
[niehorster.org/010_pix/buttons_small/990_burma.gif]
[niehorster.org/010_pix/buttons_small/990_estonia.gif]
[niehorster.org/010_pix/buttons_small/990_india.gif]
[niehorster.org/010_pix/buttons_small/990_lithuania.gif]
[niehorster.org/010_pix/buttons_small/990_solvakia.gif]
[niehorster.org/010_pix/buttons_small/990_ussr.gif]
[niehorster.org/010_pix/buttons_small/990_albania.gif]
[niehorster.org/010_pix/buttons_small/990_canada.gif]
[niehorster.org/010_pix/buttons_small/990_finland.gif]
[niehorster.org/010_pix/buttons_small/990_iran.gif]
[niehorster.org/010_pix/buttons_small/990_netherlands.gif]
[niehorster.org/010_pix/buttons_small/990_south-africa.gif]
[niehorster.org/010_pix/buttons_small/990_yugoslavia.gif]
[niehorster.org/010_pix/buttons_small/990_australia.gif]
[niehorster.org/010_pix/buttons_small/990_china.gif]
[niehorster.org/010_pix/buttons_small/990_france.gif]
[niehorster.org/010_pix/buttons_small/990_iraq.gif]
[niehorster.org/010_pix/buttons_small/990_new-zealand.gif]
[niehorster.org/010_pix/buttons_small/990_spain.gif]
[niehorster.org/010_pix/buttons_small/990_austria.gif]
[niehorster.org/010_pix/buttons_small/990_germany.gif]
[niehorster.org/010_pix/buttons_small/990_croatia.gif]
[niehorster.org/010_pix/buttons_small/990_ireland.gif]
[niehorster.org/010_pix/buttons_small/990_norway.gif]
[niehorster.org/010_pix/buttons_small/990_sweden.gif]
[niehorster.org/010_pix/buttons_small/990_belgium.gif]
[niehorster.org/010_pix/buttons_small/990_czechoslovakia.gif]
[niehorster.org/010_pix/buttons_small/990_greece.gif]
[niehorster.org/010_pix/buttons_small/990_italy.gif]
[niehorster.org/010_pix/buttons_small/990_poland.gif]
[niehorster.org/010_pix/buttons_small/990_switzerland.gif]
[niehorster.org/010_pix/buttons_small/990_brazil.gif]
[niehorster.org/010_pix/buttons_small/990_britain.gif]
[niehorster.org/010_pix/buttons_small/990_denmark.gif]
[niehorster.org/010_pix/buttons_small/990_japan.gif]
[niehorster.org/010_pix/buttons_small/990_portugal.gif]
[niehorster.org/010_pix/buttons_small/990_thailand.gif]
[niehorster.org/010_pix/buttons_small/990_bulgaria.gif]
[niehorster.org/010_pix/buttons_small/990_egypt.gif]
[niehorster.org/010_pix/buttons_small/990_hungary.gif]
[niehorster.org/010_pix/buttons_small/990_latvia.gif]
[niehorster.org/010_pix/buttons_small/990_rumania.gif]
[niehorster.org/010_pix/buttons_small/990_usa.gif]
[niehorster.org/010_pix/buttons_small/995_pacific_41-12.gif]
[niehorster.org/010_pix/buttons_small/995_scandinavia_40-04.gif]
[niehorster.org/010_pix/buttons_small/995_france_40-05.gif]
[niehorster.org/010_pix/buttons_small/995_06-06-44_allies.gif]
[niehorster.org/010_pix/buttons_small/995_balkans_41-05.gif]
[niehorster.org/010_pix/buttons_small/995_40-09-10_seeloewe.gif]
[niehorster.org/010_pix/buttons_small/995_06-06-44_axis.gif]
[niehorster.org/010_pix/buttons_small/995_crete_41_05.gif]
[niehorster.org/010_pix/buttons_small/995_africa_42-10.gif]
[niehorster.org/010_pix/buttons_small/995_africa_42-11.gif]
[niehorster.org/010_pix/buttons_small/995_43-07-10_allies.gif]
[niehorster.org/010_pix/buttons_small/995_43-07-04_soviet.gif]
[niehorster.org/010_pix/buttons_small/995_41-06-22_east-front.gif]
[niehorster.org/010_pix/buttons_small/995_43-07-04_axis.gif]
