[niehorster.org/040_yugoslavia/__yu.html]
[backblue.gif]
[fade.gif]
[index.html]
[niehorster.org/010_pix/buttons_small/901_home.gif]
[niehorster.org/040_yugoslavia/41-04-06/army.html]
[niehorster.org/040_yugoslavia/41-04-06/airforce.html]
[niehorster.org/040_yugoslavia/41-04-06/navy.html]
[niehorster.org/040_yugoslavia/41_org/div-inf/div-inf.html]
[niehorster.org/040_yugoslavia/41_org/div-cav/_cav-div.html]
[niehorster.org/040_yugoslavia/41_org/div-cav/cav-art-btty.html]
[niehorster.org/040_yugoslavia/41_org/misc/tk-bn-01.html]
[niehorster.org/040_yugoslavia/41_org/misc/tk-bn-02.html]
[niehorster.org/040_yugoslavia/41_org/misc/cav_co-armd.html]
[niehorster.org/040_yugoslavia/_ranks.html]
[niehorster.org/040_yugoslavia/_aircraft.html]
[niehorster.org/040_yugoslavia/_sources.html]
[niehorster.org/010_pix/buttons_small/910_back.gif]
[niehorster.org/040_yugoslavia/__yu.html]
[niehorster.org/040_yugoslavia/41-04-06/army.gif]
[niehorster.org/010_pix/buttons_small/910_ranks.gif]
[niehorster.org/010_pix/buttons_small/910_symbols_army.gif]
[niehorster.org/040_yugoslavia/abbr_army.html]
[niehorster.org/010_pix/buttons_small/910_glossary_army.gif]
[niehorster.org/010_pix/buttons_small/910_aircraft_af.gif]
[niehorster.org/040_yugoslavia/41-04-06/army_01.html]
[niehorster.org/040_yugoslavia/41-04-06/army_02.html]
[niehorster.org/040_yugoslavia/41-04-06/army_03.html]
[niehorster.org/040_yugoslavia/41-04-06/army_13.html]
[niehorster.org/040_yugoslavia/41-04-06/army_04.html]
[niehorster.org/040_yugoslavia/41-04-06/army_05.html]
[niehorster.org/040_yugoslavia/41-04-06/army_06.html]
[niehorster.org/040_yugoslavia/41-04-06/army_07.html]
[niehorster.org/040_yugoslavia/41-04-06/army_coastal.html]
[niehorster.org/040_yugoslavia/41-04-06/army_direct.html]
[niehorster.org/040_yugoslavia/41-04-06/army.html]
[niehorster.org/040_yugoslavia/41-04-06/airforce.gif]
[niehorster.org/010_pix/buttons_small/910_symbols_af.gif]
[niehorster.org/010_pix/buttons_small/910_glossary.gif]
[niehorster.org/040_yugoslavia/41-04-06/airforce_1.html]
[niehorster.org/040_yugoslavia/41-04-06/airforce_2.html]
[niehorster.org/040_yugoslavia/41-04-06/airforce_3.html]
[niehorster.org/040_yugoslavia/41-04-06/airforce_4.html]
[niehorster.org/040_yugoslavia/41-04-06/airforce.html]
[niehorster.org/040_yugoslavia/41-04-06/navy.gif]
[niehorster.org/040_yugoslavia/_abbr_naval.html]
[niehorster.org/010_pix/buttons_small/910_glossary_navy.gif]
[niehorster.org/040_yugoslavia/41-04-06/navy_riverine.html]
[niehorster.org/040_yugoslavia/41-04-06/navy_airforce.html]
[niehorster.org/040_yugoslavia/41-04-06/navy_coast.html]
[niehorster.org/040_yugoslavia/41-04-06/navy.html]
[niehorster.org/040_yugoslavia/41_org/div-inf/div-inf.gif]
[niehorster.org/040_yugoslavia/41_org/div-inf/div-inf_inf-rgt.html]
[niehorster.org/040_yugoslavia/41_org/div-inf/div-inf_art-rgt.html]
[niehorster.org/040_yugoslavia/41_org/div-inf/div-inf_cav-bn.html]
[niehorster.org/040_yugoslavia/41_org/div-inf/div-inf_engr-bn.html]
[niehorster.org/040_yugoslavia/41_org/div-inf/div-inf_mg-bn.html]
[niehorster.org/040_yugoslavia/41_org/div-inf/div-inf_mg-co.html]
[niehorster.org/040_yugoslavia/41_org/div-inf/div-inf_at-co.html]
[niehorster.org/040_yugoslavia/41_org/div-inf/div-inf_chem-co.html]
[niehorster.org/040_yugoslavia/41_org/div-inf/div-inf_signal.html]
[niehorster.org/040_yugoslavia/41_org/div-inf/div-inf_transp-bn.html]
[niehorster.org/040_yugoslavia/41_org/div-inf/div-inf_truck.html]
[niehorster.org/040_yugoslavia/41_org/div-inf/div-inf_service.html]
[niehorster.org/040_yugoslavia/41_org/div-inf/div-inf.html]
[niehorster.org/040_yugoslavia/41_org/div-cav/_cav-div.gif]
[niehorster.org/040_yugoslavia/41_org/div-cav/_cav-div_hqs.html]
[niehorster.org/040_yugoslavia/41_org/div-cav/_cav-div.html]
[niehorster.org/040_yugoslavia/41_org/div-cav/cav-art-btty.gif]
[niehorster.org/040_yugoslavia/41_org/div-cav/cav-art-btty.html]
[niehorster.org/040_yugoslavia/41_org/misc/tk-bn-01.gif]
[niehorster.org/040_yugoslavia/41_org/misc/tk-bn-01_co.html]
[niehorster.org/040_yugoslavia/41_org/misc/tk-bn-01_svc-co.html]
[niehorster.org/040_yugoslavia/41_org/misc/tk-bn-01.html]
[niehorster.org/040_yugoslavia/41_org/misc/tk-bn-02.gif]
[niehorster.org/040_yugoslavia/41_org/misc/tk-bn-02_co.html]
[niehorster.org/040_yugoslavia/41_org/misc/tk-bn-02_svc-co.html]
[niehorster.org/040_yugoslavia/41_org/misc/tk-bn-02.html]
[niehorster.org/040_yugoslavia/41_org/misc/cav_co-armd.gif]
[niehorster.org/040_yugoslavia/41_org/misc/cav_co-armd.html]
[niehorster.org/010_pix/water04.jpg]
[niehorster.org/040_yugoslavia/_ranks.html]
[niehorster.org/010_pix/clouds-03.jpg]
[niehorster.org/040_yugoslavia/_aircraft.html]
[niehorster.org/040_yugoslavia/_sources.html]
[niehorster.org/040_yugoslavia/abbr_army.html]
[niehorster.org/040_yugoslavia/41-04-06/army_01.gif]
[niehorster.org/040_yugoslavia/41-04-06/army_01.html]
[niehorster.org/040_yugoslavia/41-04-06/army_02.gif]
[niehorster.org/040_yugoslavia/41-04-06/army_02.html]
[niehorster.org/040_yugoslavia/41-04-06/army_03.gif]
[niehorster.org/040_yugoslavia/41-04-06/army_03.html]
[niehorster.org/040_yugoslavia/41-04-06/army_13.gif]
[niehorster.org/040_yugoslavia/41-04-06/army_13.html]
[niehorster.org/040_yugoslavia/41-04-06/army_04.gif]
[niehorster.org/040_yugoslavia/41-04-06/army_04.html]
[niehorster.org/040_yugoslavia/41-04-06/army_05.gif]
[niehorster.org/040_yugoslavia/41-04-06/army_05.html]
[niehorster.org/040_yugoslavia/41-04-06/army_06.gif]
[niehorster.org/040_yugoslavia/41-04-06/army_06.html]
[niehorster.org/040_yugoslavia/41-04-06/army_07.gif]
[niehorster.org/040_yugoslavia/41-04-06/army_07.html]
[niehorster.org/040_yugoslavia/41-04-06/army_coast.gif]
[niehorster.org/040_yugoslavia/41-04-06/army_coastal.html]
[niehorster.org/040_yugoslavia/41-04-06/army_direct.gif]
[niehorster.org/040_yugoslavia/41-04-06/army_direct.html]
[niehorster.org/040_yugoslavia/41-04-06/airforce_1.gif]
[niehorster.org/040_yugoslavia/41-04-06/airforce_1.html]
[niehorster.org/040_yugoslavia/41-04-06/airforce_2.gif]
[niehorster.org/040_yugoslavia/41-04-06/airforce_2.html]
[niehorster.org/040_yugoslavia/41-04-06/airforce_3.gif]
[niehorster.org/040_yugoslavia/41-04-06/airforce_3.html]
[niehorster.org/040_yugoslavia/41-04-06/airforce_4.gif]
[niehorster.org/040_yugoslavia/41-04-06/airforce_4.html]
[niehorster.org/040_yugoslavia/_abbr_naval.html]
[niehorster.org/040_yugoslavia/41-04-06/navy_riverine.gif]
[niehorster.org/040_yugoslavia/41-04-06/navy_danube.html]
[niehorster.org/040_yugoslavia/41-04-06/navy_riverine.html]
[niehorster.org/040_yugoslavia/41-04-06/navy_airforce.gif]
[niehorster.org/040_yugoslavia/41-04-06/navy_airforce.html]
[niehorster.org/040_yugoslavia/41-04-06/navy_coast.gif]
[niehorster.org/040_yugoslavia/41-04-06/navy_coast.html]
[niehorster.org/040_yugoslavia/41_org/div-inf/div-inf_inf-rgt.gif]
[niehorster.org/040_yugoslavia/41_org/div-inf/div-inf_inf-rgt_bn.html]
[niehorster.org/040_yugoslavia/41_org/div-inf/div-inf_inf-rgt_hvy.html]
[niehorster.org/040_yugoslavia/41_org/div-inf/div-inf_inf-rgt_tech.html]
[niehorster.org/040_yugoslavia/41_org/div-inf/div-inf_inf-rgt_medic.html]
[niehorster.org/040_yugoslavia/41_org/div-inf/div-inf_inf-rgt_train-rgt.html]
[niehorster.org/040_yugoslavia/41_org/div-inf/div-inf_inf-rgt_train-bn.html]
[niehorster.org/040_yugoslavia/41_org/div-inf/div-inf_inf-rgt.html]
[niehorster.org/040_yugoslavia/41_org/div-inf/div-inf_art-rgt.gif]
[niehorster.org/040_yugoslavia/41_org/div-inf/div-inf_art-bn.html]
[niehorster.org/040_yugoslavia/41_org/div-inf/div-inf_art-rgt.html]
[niehorster.org/040_yugoslavia/41_org/div-inf/div-inf_cav-bn.gif]
[niehorster.org/040_yugoslavia/41_org/div-inf/div-inf_cav-bn_cav.html]
[niehorster.org/040_yugoslavia/41_org/div-inf/div-inf_cav-bn_bcl.html]
[niehorster.org/040_yugoslavia/41_org/div-inf/div-inf_cav-bn.html]
[niehorster.org/040_yugoslavia/41_org/div-inf/div-inf_engr-bn.gif]
[niehorster.org/040_yugoslavia/41_org/div-inf/div-inf_engr-bn.html]
[niehorster.org/040_yugoslavia/41_org/div-inf/div-inf_mg-bn.gif]
[niehorster.org/040_yugoslavia/41_org/div-inf/div-inf_mg-bn.html]
[niehorster.org/040_yugoslavia/41_org/div-inf/div-inf_mg-co.gif]
[niehorster.org/040_yugoslavia/41_org/div-inf/div-inf_mg-co.html]
[niehorster.org/040_yugoslavia/41_org/div-inf/div-inf_at-co.gif]
[niehorster.org/040_yugoslavia/41_org/div-inf/div-inf_at-co.html]
[niehorster.org/040_yugoslavia/41_org/div-inf/div-inf_chem-co.gif]
[niehorster.org/040_yugoslavia/41_org/div-inf/div-inf_chem-co.html]
[niehorster.org/040_yugoslavia/41_org/div-inf/div-inf_signal.gif]
[niehorster.org/040_yugoslavia/41_org/div-inf/div-inf_signal.html]
[niehorster.org/040_yugoslavia/41_org/div-inf/div-inf_transp-bn.gif]
[niehorster.org/040_yugoslavia/41_org/div-inf/div-inf_transp-bn.html]
[niehorster.org/040_yugoslavia/41_org/div-inf/div-inf_truck-plt.gif]
[niehorster.org/040_yugoslavia/41_org/div-inf/div-inf_truck.html]
[niehorster.org/040_yugoslavia/41_org/div-inf/div-inf_service.gif]
[niehorster.org/040_yugoslavia/41_org/div-inf/div-inf_service.html]
[niehorster.org/040_yugoslavia/41_org/div-cav/_cav-div_hqs.gif]
[niehorster.org/040_yugoslavia/41_org/div-cav/_cav-div_hqs.html]
[niehorster.org/040_yugoslavia/41_org/misc/tk-bn-01_co.gif]
[niehorster.org/040_yugoslavia/41_org/misc/tk-bn-01_co.html]
[niehorster.org/040_yugoslavia/41_org/misc/tk-bn-01_svc-co.gif]
[niehorster.org/040_yugoslavia/41_org/misc/tk-bn-01_svc-co.html]
[niehorster.org/040_yugoslavia/41_org/misc/tk-bn-02_co.gif]
[niehorster.org/040_yugoslavia/41_org/misc/tk-bn-02_co.html]
[niehorster.org/040_yugoslavia/41_org/misc/tk-bn-02_svc-co.gif]
[niehorster.org/040_yugoslavia/41_org/misc/tk-bn-02_svc-co.html]
[niehorster.org/040_yugoslavia/41-04-06/navy_danube.gif]
[niehorster.org/040_yugoslavia/41-04-06/navy_danube.html]
[niehorster.org/040_yugoslavia/41_org/div-inf/div-inf_inf-rgt_bn.gif]
[niehorster.org/040_yugoslavia/41_org/div-inf/div-inf_inf-rgt_co.html]
[niehorster.org/040_yugoslavia/41_org/div-inf/div-inf_inf-rgt_mg.html]
[niehorster.org/040_yugoslavia/41_org/div-inf/div-inf_inf-rgt_bn.html]
[niehorster.org/040_yugoslavia/41_org/div-inf/div-inf_inf-rgt_hvy.gif]
[niehorster.org/040_yugoslavia/41_org/div-inf/div-inf_inf-rgt_hvy.html]
[niehorster.org/040_yugoslavia/41_org/div-inf/div-inf_inf-rgt_tech.gif]
[niehorster.org/040_yugoslavia/41_org/div-inf/div-inf_inf-rgt_tech.html]
[niehorster.org/040_yugoslavia/41_org/div-inf/div-inf_inf-rgt_medic.gif]
[niehorster.org/040_yugoslavia/41_org/div-inf/div-inf_inf-rgt_medic.html]
[niehorster.org/040_yugoslavia/41_org/div-inf/div-inf_inf-rgt_train-rgt.gif]
[niehorster.org/040_yugoslavia/41_org/div-inf/div-inf_inf-rgt_train-rgt.html]
[niehorster.org/040_yugoslavia/41_org/div-inf/div-inf_inf-rgt_train-bn.gif]
[niehorster.org/040_yugoslavia/41_org/div-inf/div-inf_inf-rgt_train-bn.html]
[niehorster.org/040_yugoslavia/41_org/div-inf/div-inf_art-bn.gif]
[niehorster.org/040_yugoslavia/41_org/div-inf/div-inf_art-rgt_fg.html]
[niehorster.org/040_yugoslavia/41_org/div-inf/div-inf_art-bn.html]
[niehorster.org/040_yugoslavia/41_org/div-inf/div-inf_cav-bn_cav.gif]
[niehorster.org/040_yugoslavia/41_org/div-inf/div-inf_cav-bn_cav.html]
[niehorster.org/040_yugoslavia/41_org/div-inf/div-inf_cav-bn_bcl.gif]
[niehorster.org/040_yugoslavia/41_org/div-inf/div-inf_cav-bn_bcl.html]
[niehorster.org/040_yugoslavia/41_org/div-inf/div-inf_inf-rgt_co.gif]
[niehorster.org/040_yugoslavia/41_org/div-inf/div-inf_inf-rgt_co.html]
[niehorster.org/040_yugoslavia/41_org/div-inf/div-inf_inf-rgt_mg.gif]
[niehorster.org/040_yugoslavia/41_org/div-inf/div-inf_inf-rgt_mg.html]
[niehorster.org/040_yugoslavia/41_org/div-inf/div-inf_art-rgt_fg.gif]
[niehorster.org/040_yugoslavia/41_org/div-inf/div-inf_art-rgt_fg.html]
